Archive member included to satisfy reference by file (symbol)

g:/truestudio for stm32 9.3.0/armtools/bin/../lib/gcc/arm-atollic-eabi/6.3.1/../../../../arm-atollic-eabi/lib/armv7e-m/fpu\libc_nano.a(lib_a-init.o)
                              src\startup_stm32f40xx.o (__libc_init_array)
g:/truestudio for stm32 9.3.0/armtools/bin/../lib/gcc/arm-atollic-eabi/6.3.1/../../../../arm-atollic-eabi/lib/armv7e-m/fpu\libc_nano.a(lib_a-strlen.o)
                              src\tiny_printf.o (strlen)
g:/truestudio for stm32 9.3.0/armtools/bin/../lib/gcc/arm-atollic-eabi/6.3.1/../../../../arm-atollic-eabi/lib/armv7e-m/fpu\libnosys.a(write.o)
                              src\tiny_printf.o (_write)
g:/truestudio for stm32 9.3.0/armtools/bin/../lib/gcc/arm-atollic-eabi/6.3.1/../../../../arm-atollic-eabi/lib/armv7e-m/fpu\libnosys.a(errno.o)
                              g:/truestudio for stm32 9.3.0/armtools/bin/../lib/gcc/arm-atollic-eabi/6.3.1/../../../../arm-atollic-eabi/lib/armv7e-m/fpu\libnosys.a(write.o) (errno)

Allocating common symbols
Common symbol       size              file

errno               0x4               g:/truestudio for stm32 9.3.0/armtools/bin/../lib/gcc/arm-atollic-eabi/6.3.1/../../../../arm-atollic-eabi/lib/armv7e-m/fpu\libnosys.a(errno.o)

Discarded input sections

 .text          0x00000000        0x0 g:/truestudio for stm32 9.3.0/armtools/bin/../lib/gcc/arm-atollic-eabi/6.3.1/armv7e-m/fpu/crti.o
 .data          0x00000000        0x0 g:/truestudio for stm32 9.3.0/armtools/bin/../lib/gcc/arm-atollic-eabi/6.3.1/armv7e-m/fpu/crti.o
 .bss           0x00000000        0x0 g:/truestudio for stm32 9.3.0/armtools/bin/../lib/gcc/arm-atollic-eabi/6.3.1/armv7e-m/fpu/crti.o
 .data          0x00000000        0x4 g:/truestudio for stm32 9.3.0/armtools/bin/../lib/gcc/arm-atollic-eabi/6.3.1/armv7e-m/fpu/crtbegin.o
 .text          0x00000000        0x0 src\GPIO.o
 .data          0x00000000        0x0 src\GPIO.o
 .bss           0x00000000        0x0 src\GPIO.o
 .text.GPIO_    0x00000000       0x5c src\GPIO.o
 .text.GPIO_ReadInputPin
                0x00000000       0x40 src\GPIO.o
 .text.GPIO_ReadInputPort
                0x00000000       0x2c src\GPIO.o
 .text.GPIO_WriteOutputPin
                0x00000000       0x5c src\GPIO.o
 .text.GPIO_WriteOutputPort
                0x00000000       0x30 src\GPIO.o
 .text.GPIO_IRQConfig
                0x00000000      0x108 src\GPIO.o
 .text.GPIO_IRQPriorityConfig
                0x00000000       0x5a src\GPIO.o
 .text.GPIO_IRQHandling
                0x00000000       0x40 src\GPIO.o
 .text          0x00000000        0x0 src\RCC_Driver.o
 .data          0x00000000        0x0 src\RCC_Driver.o
 .bss           0x00000000        0x0 src\RCC_Driver.o
 .data.AHB_PreScaler
                0x00000000       0x10 src\RCC_Driver.o
 .data.APB1_PreScaler
                0x00000000        0x4 src\RCC_Driver.o
 .text.RCC_GetPCLK1Value
                0x00000000       0xb0 src\RCC_Driver.o
 .text.RCC_GetPCLK2Value
                0x00000000       0xa0 src\RCC_Driver.o
 .text.RCC_GetPLLOutputClock
                0x00000000       0x10 src\RCC_Driver.o
 .debug_info    0x00000000      0x374 src\RCC_Driver.o
 .debug_abbrev  0x00000000       0xfa src\RCC_Driver.o
 .debug_aranges
                0x00000000       0x30 src\RCC_Driver.o
 .debug_ranges  0x00000000       0x20 src\RCC_Driver.o
 .debug_line    0x00000000      0x144 src\RCC_Driver.o
 .debug_str     0x00000000      0x386 src\RCC_Driver.o
 .comment       0x00000000       0x7d src\RCC_Driver.o
 .debug_frame   0x00000000       0x7c src\RCC_Driver.o
 .ARM.attributes
                0x00000000       0x39 src\RCC_Driver.o
 .text          0x00000000        0x0 src\UART_Driver.o
 .data          0x00000000        0x0 src\UART_Driver.o
 .bss           0x00000000        0x0 src\UART_Driver.o
 .data.UART_Arr
                0x00000000       0x24 src\UART_Driver.o
 .text.USART_PeripheralControl
                0x00000000       0x54 src\UART_Driver.o
 .text.USART_PeriClockControl
                0x00000000       0x84 src\UART_Driver.o
 .text.USART_GetFlagStatus
                0x00000000       0x38 src\UART_Driver.o
 .text.USART_SetBaudRate
                0x00000000       0xf4 src\UART_Driver.o
 .text.USART_Init
                0x00000000      0x128 src\UART_Driver.o
 .text.USART_SendData
                0x00000000       0xc4 src\UART_Driver.o
 .text.USART_ReceiveData
                0x00000000       0xdc src\UART_Driver.o
 .text.USART_SendDataIT
                0x00000000       0x5c src\UART_Driver.o
 .text.USART_ReceiveDataIT
                0x00000000       0x52 src\UART_Driver.o
 .debug_info    0x00000000      0x75a src\UART_Driver.o
 .debug_abbrev  0x00000000      0x1d9 src\UART_Driver.o
 .debug_aranges
                0x00000000       0x60 src\UART_Driver.o
 .debug_ranges  0x00000000       0x50 src\UART_Driver.o
 .debug_line    0x00000000      0x25a src\UART_Driver.o
 .debug_str     0x00000000      0x53b src\UART_Driver.o
 .comment       0x00000000       0x7d src\UART_Driver.o
 .debug_frame   0x00000000      0x184 src\UART_Driver.o
 .ARM.attributes
                0x00000000       0x39 src\UART_Driver.o
 .text          0x00000000        0x0 src\main.o
 .data          0x00000000        0x0 src\main.o
 .bss           0x00000000        0x0 src\main.o
 .text          0x00000000       0x14 src\startup_stm32f40xx.o
 .data          0x00000000        0x0 src\startup_stm32f40xx.o
 .bss           0x00000000        0x0 src\startup_stm32f40xx.o
 .text          0x00000000        0x0 src\stm32f4xx_it.o
 .data          0x00000000        0x0 src\stm32f4xx_it.o
 .bss           0x00000000        0x0 src\stm32f4xx_it.o
 .text          0x00000000        0x0 src\system_stm32f4xx.o
 .data          0x00000000        0x0 src\system_stm32f4xx.o
 .bss           0x00000000        0x0 src\system_stm32f4xx.o
 .data.SystemCoreClock
                0x00000000        0x4 src\system_stm32f4xx.o
 .data.AHBPrescTable
                0x00000000       0x10 src\system_stm32f4xx.o
 .text.SystemCoreClockUpdate
                0x00000000       0xf8 src\system_stm32f4xx.o
 .text          0x00000000        0x0 src\tiny_printf.o
 .data          0x00000000        0x0 src\tiny_printf.o
 .bss           0x00000000        0x0 src\tiny_printf.o
 .text.ts_itoa  0x00000000       0x92 src\tiny_printf.o
 .text.ts_formatstring
                0x00000000      0x12e src\tiny_printf.o
 .text.ts_formatlength
                0x00000000      0x12c src\tiny_printf.o
 .text.siprintf
                0x00000000       0x2c src\tiny_printf.o
 .text.fiprintf
                0x00000000       0x9a src\tiny_printf.o
 .text.iprintf  0x00000000       0x92 src\tiny_printf.o
 .rodata        0x00000000        0x2 src\tiny_printf.o
 .text.fputs    0x00000000       0x68 src\tiny_printf.o
 .text.puts     0x00000000       0x58 src\tiny_printf.o
 .text.fwrite   0x00000000       0x38 src\tiny_printf.o
 .debug_info    0x00000000      0xc78 src\tiny_printf.o
 .debug_abbrev  0x00000000      0x262 src\tiny_printf.o
 .debug_aranges
                0x00000000       0x60 src\tiny_printf.o
 .debug_ranges  0x00000000       0x50 src\tiny_printf.o
 .debug_line    0x00000000      0x26b src\tiny_printf.o
 .debug_str     0x00000000      0x69b src\tiny_printf.o
 .comment       0x00000000       0x7d src\tiny_printf.o
 .debug_frame   0x00000000      0x1bc src\tiny_printf.o
 .ARM.attributes
                0x00000000       0x39 src\tiny_printf.o
 .text          0x00000000        0x0 g:/truestudio for stm32 9.3.0/armtools/bin/../lib/gcc/arm-atollic-eabi/6.3.1/../../../../arm-atollic-eabi/lib/armv7e-m/fpu\libc_nano.a(lib_a-init.o)
 .data          0x00000000        0x0 g:/truestudio for stm32 9.3.0/armtools/bin/../lib/gcc/arm-atollic-eabi/6.3.1/../../../../arm-atollic-eabi/lib/armv7e-m/fpu\libc_nano.a(lib_a-init.o)
 .bss           0x00000000        0x0 g:/truestudio for stm32 9.3.0/armtools/bin/../lib/gcc/arm-atollic-eabi/6.3.1/../../../../arm-atollic-eabi/lib/armv7e-m/fpu\libc_nano.a(lib_a-init.o)
 .text          0x00000000       0x10 g:/truestudio for stm32 9.3.0/armtools/bin/../lib/gcc/arm-atollic-eabi/6.3.1/../../../../arm-atollic-eabi/lib/armv7e-m/fpu\libc_nano.a(lib_a-strlen.o)
 .data          0x00000000        0x0 g:/truestudio for stm32 9.3.0/armtools/bin/../lib/gcc/arm-atollic-eabi/6.3.1/../../../../arm-atollic-eabi/lib/armv7e-m/fpu\libc_nano.a(lib_a-strlen.o)
 .bss           0x00000000        0x0 g:/truestudio for stm32 9.3.0/armtools/bin/../lib/gcc/arm-atollic-eabi/6.3.1/../../../../arm-atollic-eabi/lib/armv7e-m/fpu\libc_nano.a(lib_a-strlen.o)
 .ARM.attributes
                0x00000000       0x1b g:/truestudio for stm32 9.3.0/armtools/bin/../lib/gcc/arm-atollic-eabi/6.3.1/../../../../arm-atollic-eabi/lib/armv7e-m/fpu\libc_nano.a(lib_a-strlen.o)
 .text          0x00000000        0x0 g:/truestudio for stm32 9.3.0/armtools/bin/../lib/gcc/arm-atollic-eabi/6.3.1/../../../../arm-atollic-eabi/lib/armv7e-m/fpu\libnosys.a(write.o)
 .data          0x00000000        0x0 g:/truestudio for stm32 9.3.0/armtools/bin/../lib/gcc/arm-atollic-eabi/6.3.1/../../../../arm-atollic-eabi/lib/armv7e-m/fpu\libnosys.a(write.o)
 .bss           0x00000000        0x0 g:/truestudio for stm32 9.3.0/armtools/bin/../lib/gcc/arm-atollic-eabi/6.3.1/../../../../arm-atollic-eabi/lib/armv7e-m/fpu\libnosys.a(write.o)
 .stab          0x00000000       0x24 g:/truestudio for stm32 9.3.0/armtools/bin/../lib/gcc/arm-atollic-eabi/6.3.1/../../../../arm-atollic-eabi/lib/armv7e-m/fpu\libnosys.a(write.o)
 .text._write   0x00000000       0x10 g:/truestudio for stm32 9.3.0/armtools/bin/../lib/gcc/arm-atollic-eabi/6.3.1/../../../../arm-atollic-eabi/lib/armv7e-m/fpu\libnosys.a(write.o)
 .debug_frame   0x00000000       0x20 g:/truestudio for stm32 9.3.0/armtools/bin/../lib/gcc/arm-atollic-eabi/6.3.1/../../../../arm-atollic-eabi/lib/armv7e-m/fpu\libnosys.a(write.o)
 .ARM.attributes
                0x00000000       0x34 g:/truestudio for stm32 9.3.0/armtools/bin/../lib/gcc/arm-atollic-eabi/6.3.1/../../../../arm-atollic-eabi/lib/armv7e-m/fpu\libnosys.a(write.o)
 .text          0x00000000        0x0 g:/truestudio for stm32 9.3.0/armtools/bin/../lib/gcc/arm-atollic-eabi/6.3.1/../../../../arm-atollic-eabi/lib/armv7e-m/fpu\libnosys.a(errno.o)
 .data          0x00000000        0x0 g:/truestudio for stm32 9.3.0/armtools/bin/../lib/gcc/arm-atollic-eabi/6.3.1/../../../../arm-atollic-eabi/lib/armv7e-m/fpu\libnosys.a(errno.o)
 .bss           0x00000000        0x0 g:/truestudio for stm32 9.3.0/armtools/bin/../lib/gcc/arm-atollic-eabi/6.3.1/../../../../arm-atollic-eabi/lib/armv7e-m/fpu\libnosys.a(errno.o)
 .ARM.attributes
                0x00000000       0x34 g:/truestudio for stm32 9.3.0/armtools/bin/../lib/gcc/arm-atollic-eabi/6.3.1/../../../../arm-atollic-eabi/lib/armv7e-m/fpu\libnosys.a(errno.o)
 COMMON         0x00000000        0x4 g:/truestudio for stm32 9.3.0/armtools/bin/../lib/gcc/arm-atollic-eabi/6.3.1/../../../../arm-atollic-eabi/lib/armv7e-m/fpu\libnosys.a(errno.o)
 .text          0x00000000        0x0 g:/truestudio for stm32 9.3.0/armtools/bin/../lib/gcc/arm-atollic-eabi/6.3.1/armv7e-m/fpu/crtend.o
 .data          0x00000000        0x0 g:/truestudio for stm32 9.3.0/armtools/bin/../lib/gcc/arm-atollic-eabi/6.3.1/armv7e-m/fpu/crtend.o
 .bss           0x00000000        0x0 g:/truestudio for stm32 9.3.0/armtools/bin/../lib/gcc/arm-atollic-eabi/6.3.1/armv7e-m/fpu/crtend.o
 .eh_frame      0x00000000        0x4 g:/truestudio for stm32 9.3.0/armtools/bin/../lib/gcc/arm-atollic-eabi/6.3.1/armv7e-m/fpu/crtend.o
 .ARM.attributes
                0x00000000       0x34 g:/truestudio for stm32 9.3.0/armtools/bin/../lib/gcc/arm-atollic-eabi/6.3.1/armv7e-m/fpu/crtend.o
 .text          0x00000000        0x0 g:/truestudio for stm32 9.3.0/armtools/bin/../lib/gcc/arm-atollic-eabi/6.3.1/armv7e-m/fpu/crtn.o
 .data          0x00000000        0x0 g:/truestudio for stm32 9.3.0/armtools/bin/../lib/gcc/arm-atollic-eabi/6.3.1/armv7e-m/fpu/crtn.o
 .bss           0x00000000        0x0 g:/truestudio for stm32 9.3.0/armtools/bin/../lib/gcc/arm-atollic-eabi/6.3.1/armv7e-m/fpu/crtn.o

Memory Configuration

Name             Origin             Length             Attributes
FLASH            0x08000000         0x00100000         xr
RAM              0x20000000         0x00020000         xrw
MEMORY_B1        0x60000000         0x00000000         xr
CCMRAM           0x10000000         0x00010000         rw
*default*        0x00000000         0xffffffff

Linker script and memory map

LOAD g:/truestudio for stm32 9.3.0/armtools/bin/../lib/gcc/arm-atollic-eabi/6.3.1/armv7e-m/fpu/crti.o
LOAD g:/truestudio for stm32 9.3.0/armtools/bin/../lib/gcc/arm-atollic-eabi/6.3.1/armv7e-m/fpu/crtbegin.o
LOAD src\GPIO.o
LOAD src\RCC_Driver.o
LOAD src\UART_Driver.o
LOAD src\main.o
LOAD src\startup_stm32f40xx.o
LOAD src\stm32f4xx_it.o
LOAD src\system_stm32f4xx.o
LOAD src\tiny_printf.o
                0x00000080                malloc_getpagesize_P = 0x80
START GROUP
LOAD g:/truestudio for stm32 9.3.0/armtools/bin/../lib/gcc/arm-atollic-eabi/6.3.1/../../../../arm-atollic-eabi/lib/armv7e-m/fpu\libc_nano.a
LOAD g:/truestudio for stm32 9.3.0/armtools/bin/../lib/gcc/arm-atollic-eabi/6.3.1/../../../../arm-atollic-eabi/lib/armv7e-m/fpu\libm.a
END GROUP
START GROUP
LOAD g:/truestudio for stm32 9.3.0/armtools/bin/../lib/gcc/arm-atollic-eabi/6.3.1/armv7e-m/fpu\libgcc.a
LOAD g:/truestudio for stm32 9.3.0/armtools/bin/../lib/gcc/arm-atollic-eabi/6.3.1/../../../../arm-atollic-eabi/lib/armv7e-m/fpu\libc_nano.a
END GROUP
START GROUP
LOAD g:/truestudio for stm32 9.3.0/armtools/bin/../lib/gcc/arm-atollic-eabi/6.3.1/armv7e-m/fpu\libgcc.a
LOAD g:/truestudio for stm32 9.3.0/armtools/bin/../lib/gcc/arm-atollic-eabi/6.3.1/../../../../arm-atollic-eabi/lib/armv7e-m/fpu\libc_nano.a
LOAD g:/truestudio for stm32 9.3.0/armtools/bin/../lib/gcc/arm-atollic-eabi/6.3.1/../../../../arm-atollic-eabi/lib/armv7e-m/fpu\libnosys.a
END GROUP
START GROUP
LOAD g:/truestudio for stm32 9.3.0/armtools/bin/../lib/gcc/arm-atollic-eabi/6.3.1/armv7e-m/fpu\libgcc.a
LOAD g:/truestudio for stm32 9.3.0/armtools/bin/../lib/gcc/arm-atollic-eabi/6.3.1/../../../../arm-atollic-eabi/lib/armv7e-m/fpu\libc_nano.a
LOAD g:/truestudio for stm32 9.3.0/armtools/bin/../lib/gcc/arm-atollic-eabi/6.3.1/../../../../arm-atollic-eabi/lib/armv7e-m/fpu\libnosys.a
END GROUP
LOAD g:/truestudio for stm32 9.3.0/armtools/bin/../lib/gcc/arm-atollic-eabi/6.3.1/armv7e-m/fpu/crtend.o
LOAD g:/truestudio for stm32 9.3.0/armtools/bin/../lib/gcc/arm-atollic-eabi/6.3.1/armv7e-m/fpu/crtn.o
                0x20020000                _estack = 0x20020000
                0x00000000                _Min_Heap_Size = 0x0
                0x00000400                _Min_Stack_Size = 0x400

.isr_vector     0x08000000      0x188
                0x08000000                . = ALIGN (0x4)
 *(.isr_vector)
 .isr_vector    0x08000000      0x188 src\startup_stm32f40xx.o
                0x08000000                g_pfnVectors
                0x08000188                . = ALIGN (0x4)

.text           0x08000188      0x6a8
                0x08000188                . = ALIGN (0x4)
 *(.text)
 .text          0x08000188       0x40 g:/truestudio for stm32 9.3.0/armtools/bin/../lib/gcc/arm-atollic-eabi/6.3.1/armv7e-m/fpu/crtbegin.o
 *(.text*)
 .text.GPIO_PeriClockControl
                0x080001c8       0x94 src\GPIO.o
 .text.GPIO_Init
                0x0800025c      0x338 src\GPIO.o
                0x0800025c                GPIO_Init
 .text.main     0x08000594       0x26 src\main.o
                0x08000594                main
 *fill*         0x080005ba        0x2 
 .text.Reset_Handler
                0x080005bc       0x50 src\startup_stm32f40xx.o
                0x080005bc                Reset_Handler
 .text.Default_Handler
                0x0800060c        0x2 src\startup_stm32f40xx.o
                0x0800060c                RTC_Alarm_IRQHandler
                0x0800060c                HASH_RNG_IRQHandler
                0x0800060c                EXTI2_IRQHandler
                0x0800060c                TIM8_CC_IRQHandler
                0x0800060c                TIM1_CC_IRQHandler
                0x0800060c                DMA2_Stream5_IRQHandler
                0x0800060c                DMA1_Stream5_IRQHandler
                0x0800060c                PVD_IRQHandler
                0x0800060c                SDIO_IRQHandler
                0x0800060c                TAMP_STAMP_IRQHandler
                0x0800060c                CAN2_RX1_IRQHandler
                0x0800060c                EXTI3_IRQHandler
                0x0800060c                TIM8_TRG_COM_TIM14_IRQHandler
                0x0800060c                TIM1_UP_TIM10_IRQHandler
                0x0800060c                TIM8_UP_TIM13_IRQHandler
                0x0800060c                I2C3_ER_IRQHandler
                0x0800060c                EXTI0_IRQHandler
                0x0800060c                I2C2_EV_IRQHandler
                0x0800060c                DMA1_Stream2_IRQHandler
                0x0800060c                CAN1_RX0_IRQHandler
                0x0800060c                FPU_IRQHandler
                0x0800060c                OTG_HS_WKUP_IRQHandler
                0x0800060c                CAN2_SCE_IRQHandler
                0x0800060c                DMA2_Stream2_IRQHandler
                0x0800060c                SPI1_IRQHandler
                0x0800060c                TIM6_DAC_IRQHandler
                0x0800060c                TIM1_BRK_TIM9_IRQHandler
                0x0800060c                DCMI_IRQHandler
                0x0800060c                CAN2_RX0_IRQHandler
                0x0800060c                DMA2_Stream3_IRQHandler
                0x0800060c                USART6_IRQHandler
                0x0800060c                USART3_IRQHandler
                0x0800060c                CRYP_IRQHandler
                0x0800060c                CAN1_RX1_IRQHandler
                0x0800060c                UART5_IRQHandler
                0x0800060c                DMA2_Stream0_IRQHandler
                0x0800060c                TIM4_IRQHandler
                0x0800060c                I2C1_EV_IRQHandler
                0x0800060c                DMA1_Stream6_IRQHandler
                0x0800060c                DMA1_Stream1_IRQHandler
                0x0800060c                UART4_IRQHandler
                0x0800060c                TIM3_IRQHandler
                0x0800060c                RCC_IRQHandler
                0x0800060c                TIM8_BRK_TIM12_IRQHandler
                0x0800060c                Default_Handler
                0x0800060c                EXTI15_10_IRQHandler
                0x0800060c                ADC_IRQHandler
                0x0800060c                DMA1_Stream7_IRQHandler
                0x0800060c                TIM7_IRQHandler
                0x0800060c                CAN2_TX_IRQHandler
                0x0800060c                TIM5_IRQHandler
                0x0800060c                DMA2_Stream7_IRQHandler
                0x0800060c                I2C3_EV_IRQHandler
                0x0800060c                EXTI9_5_IRQHandler
                0x0800060c                RTC_WKUP_IRQHandler
                0x0800060c                ETH_WKUP_IRQHandler
                0x0800060c                SPI2_IRQHandler
                0x0800060c                OTG_HS_EP1_IN_IRQHandler
                0x0800060c                DMA1_Stream0_IRQHandler
                0x0800060c                CAN1_TX_IRQHandler
                0x0800060c                EXTI4_IRQHandler
                0x0800060c                FSMC_IRQHandler
                0x0800060c                ETH_IRQHandler
                0x0800060c                OTG_HS_EP1_OUT_IRQHandler
                0x0800060c                WWDG_IRQHandler
                0x0800060c                TIM2_IRQHandler
                0x0800060c                OTG_FS_WKUP_IRQHandler
                0x0800060c                TIM1_TRG_COM_TIM11_IRQHandler
                0x0800060c                OTG_HS_IRQHandler
                0x0800060c                EXTI1_IRQHandler
                0x0800060c                USART2_IRQHandler
                0x0800060c                I2C2_ER_IRQHandler
                0x0800060c                DMA2_Stream1_IRQHandler
                0x0800060c                CAN1_SCE_IRQHandler
                0x0800060c                FLASH_IRQHandler
                0x0800060c                DMA2_Stream4_IRQHandler
                0x0800060c                USART1_IRQHandler
                0x0800060c                OTG_FS_IRQHandler
                0x0800060c                SPI3_IRQHandler
                0x0800060c                DMA1_Stream4_IRQHandler
                0x0800060c                I2C1_ER_IRQHandler
                0x0800060c                DMA2_Stream6_IRQHandler
                0x0800060c                DMA1_Stream3_IRQHandler
 .text.NMI_Handler
                0x0800060e        0xe src\stm32f4xx_it.o
                0x0800060e                NMI_Handler
 .text.HardFault_Handler
                0x0800061c        0x6 src\stm32f4xx_it.o
                0x0800061c                HardFault_Handler
 .text.MemManage_Handler
                0x08000622        0x6 src\stm32f4xx_it.o
                0x08000622                MemManage_Handler
 .text.BusFault_Handler
                0x08000628        0x6 src\stm32f4xx_it.o
                0x08000628                BusFault_Handler
 .text.UsageFault_Handler
                0x0800062e        0x6 src\stm32f4xx_it.o
                0x0800062e                UsageFault_Handler
 .text.SVC_Handler
                0x08000634        0xe src\stm32f4xx_it.o
                0x08000634                SVC_Handler
 .text.DebugMon_Handler
                0x08000642        0xe src\stm32f4xx_it.o
                0x08000642                DebugMon_Handler
 .text.PendSV_Handler
                0x08000650        0xe src\stm32f4xx_it.o
                0x08000650                PendSV_Handler
 .text.SysTick_Handler
                0x0800065e        0xe src\stm32f4xx_it.o
                0x0800065e                SysTick_Handler
 .text.SystemInit
                0x0800066c       0x6c src\system_stm32f4xx.o
                0x0800066c                SystemInit
 .text.SetSysClock
                0x080006d8       0xf8 src\system_stm32f4xx.o
 .text.__libc_init_array
                0x080007d0       0x48 g:/truestudio for stm32 9.3.0/armtools/bin/../lib/gcc/arm-atollic-eabi/6.3.1/../../../../arm-atollic-eabi/lib/armv7e-m/fpu\libc_nano.a(lib_a-init.o)
                0x080007d0                __libc_init_array
 *(.glue_7)
 .glue_7        0x08000818        0x0 linker stubs
 *(.glue_7t)
 .glue_7t       0x08000818        0x0 linker stubs
 *(.eh_frame)
 .eh_frame      0x08000818        0x0 g:/truestudio for stm32 9.3.0/armtools/bin/../lib/gcc/arm-atollic-eabi/6.3.1/armv7e-m/fpu/crtbegin.o
 *(.init)
 .init          0x08000818        0x4 g:/truestudio for stm32 9.3.0/armtools/bin/../lib/gcc/arm-atollic-eabi/6.3.1/armv7e-m/fpu/crti.o
                0x08000818                _init
 .init          0x0800081c        0x8 g:/truestudio for stm32 9.3.0/armtools/bin/../lib/gcc/arm-atollic-eabi/6.3.1/armv7e-m/fpu/crtn.o
 *(.fini)
 .fini          0x08000824        0x4 g:/truestudio for stm32 9.3.0/armtools/bin/../lib/gcc/arm-atollic-eabi/6.3.1/armv7e-m/fpu/crti.o
                0x08000824                _fini
 .fini          0x08000828        0x8 g:/truestudio for stm32 9.3.0/armtools/bin/../lib/gcc/arm-atollic-eabi/6.3.1/armv7e-m/fpu/crtn.o
                0x08000830                . = ALIGN (0x4)
                0x08000830                _etext = .

.vfp11_veneer   0x08000830        0x0
 .vfp11_veneer  0x08000830        0x0 linker stubs

.v4_bx          0x08000830        0x0
 .v4_bx         0x08000830        0x0 linker stubs

.iplt           0x08000830        0x0
 .iplt          0x08000830        0x0 g:/truestudio for stm32 9.3.0/armtools/bin/../lib/gcc/arm-atollic-eabi/6.3.1/armv7e-m/fpu/crtbegin.o

.rel.dyn        0x08000830        0x0
 .rel.iplt      0x08000830        0x0 g:/truestudio for stm32 9.3.0/armtools/bin/../lib/gcc/arm-atollic-eabi/6.3.1/armv7e-m/fpu/crtbegin.o

.rodata         0x08000830        0x0
                0x08000830                . = ALIGN (0x4)
 *(.rodata)
 *(.rodata*)
                0x08000830                . = ALIGN (0x4)

.ARM.extab
 *(.ARM.extab* .gnu.linkonce.armextab.*)

.ARM            0x08000830        0x0
                0x08000830                __exidx_start = .
 *(.ARM.exidx*)
                0x08000830                __exidx_end = .

.preinit_array  0x08000830        0x0
                0x08000830                PROVIDE (__preinit_array_start, .)
 *(.preinit_array*)
                0x08000830                PROVIDE (__preinit_array_end, .)

.init_array     0x08000830        0x4
                0x08000830                PROVIDE (__init_array_start, .)
 *(SORT(.init_array.*))
 *(.init_array*)
 .init_array    0x08000830        0x4 g:/truestudio for stm32 9.3.0/armtools/bin/../lib/gcc/arm-atollic-eabi/6.3.1/armv7e-m/fpu/crtbegin.o
                0x08000834                PROVIDE (__init_array_end, .)

.fini_array     0x08000834        0x4
                [!provide]                PROVIDE (__fini_array_start, .)
 *(SORT(.fini_array.*))
 *(.fini_array*)
 .fini_array    0x08000834        0x4 g:/truestudio for stm32 9.3.0/armtools/bin/../lib/gcc/arm-atollic-eabi/6.3.1/armv7e-m/fpu/crtbegin.o
                [!provide]                PROVIDE (__fini_array_end, .)
                0x08000838                _sidata = LOADADDR (.data)

.data           0x20000000       0x24 load address 0x08000838
                0x20000000                . = ALIGN (0x4)
                0x20000000                _sdata = .
 *(.data)
 *(.data*)
 .data.GPIO_Arr
                0x20000000       0x24 src\GPIO.o
                0x20000000                GPIO_Arr
                0x20000024                . = ALIGN (0x4)
                0x20000024                _edata = .
                0x0800085c                _siccmram = LOADADDR (.ccmram)

.igot.plt       0x20000024        0x0 load address 0x0800085c
 .igot.plt      0x20000024        0x0 g:/truestudio for stm32 9.3.0/armtools/bin/../lib/gcc/arm-atollic-eabi/6.3.1/armv7e-m/fpu/crtbegin.o

.ccmram         0x10000000        0x0 load address 0x0800085c
                0x10000000                . = ALIGN (0x4)
                0x10000000                _sccmram = .
 *(.ccmram)
 *(.ccmram*)
                0x10000000                . = ALIGN (0x4)
                0x10000000                _eccmram = .
                0x10000000                . = ALIGN (0x4)

.bss            0x20000024       0x1c
                0x20000024                _sbss = .
                0x20000024                __bss_start__ = _sbss
 *(.bss)
 .bss           0x20000024       0x1c g:/truestudio for stm32 9.3.0/armtools/bin/../lib/gcc/arm-atollic-eabi/6.3.1/armv7e-m/fpu/crtbegin.o
 *(.bss*)
 *(COMMON)
                0x20000040                . = ALIGN (0x4)
                0x20000040                _ebss = .
                0x20000040                __bss_end__ = _ebss

._user_heap_stack
                0x20000040      0x400
                0x20000040                . = ALIGN (0x4)
                [!provide]                PROVIDE (end, .)
                [!provide]                PROVIDE (_end, .)
                0x20000040                . = (. + _Min_Heap_Size)
                0x20000440                . = (. + _Min_Stack_Size)
 *fill*         0x20000040      0x400 
                0x20000440                . = ALIGN (0x4)

.memory_b1_text
 *(.mb1text)
 *(.mb1text*)
 *(.mb1rodata)
 *(.mb1rodata*)

/DISCARD/
 libc.a(*)
 libm.a(*)
 libgcc.a(*)

.ARM.attributes
                0x00000000       0x30
 *(.ARM.attributes)
 .ARM.attributes
                0x00000000       0x22 g:/truestudio for stm32 9.3.0/armtools/bin/../lib/gcc/arm-atollic-eabi/6.3.1/armv7e-m/fpu/crti.o
 .ARM.attributes
                0x00000022       0x34 g:/truestudio for stm32 9.3.0/armtools/bin/../lib/gcc/arm-atollic-eabi/6.3.1/armv7e-m/fpu/crtbegin.o
 .ARM.attributes
                0x00000056       0x39 src\GPIO.o
 .ARM.attributes
                0x0000008f       0x39 src\main.o
 .ARM.attributes
                0x000000c8       0x21 src\startup_stm32f40xx.o
 .ARM.attributes
                0x000000e9       0x39 src\stm32f4xx_it.o
 .ARM.attributes
                0x00000122       0x39 src\system_stm32f4xx.o
 .ARM.attributes
                0x0000015b       0x34 g:/truestudio for stm32 9.3.0/armtools/bin/../lib/gcc/arm-atollic-eabi/6.3.1/../../../../arm-atollic-eabi/lib/armv7e-m/fpu\libc_nano.a(lib_a-init.o)
 .ARM.attributes
                0x0000018f       0x22 g:/truestudio for stm32 9.3.0/armtools/bin/../lib/gcc/arm-atollic-eabi/6.3.1/armv7e-m/fpu/crtn.o
OUTPUT(GP_Drivers_.elf elf32-littlearm)

.debug_info     0x00000000     0x10a2
 .debug_info    0x00000000      0x7c6 src\GPIO.o
 .debug_info    0x000007c6      0x122 src\main.o
 .debug_info    0x000008e8       0x89 src\startup_stm32f40xx.o
 .debug_info    0x00000971      0x154 src\stm32f4xx_it.o
 .debug_info    0x00000ac5      0x5dd src\system_stm32f4xx.o

.debug_abbrev   0x00000000      0x428
 .debug_abbrev  0x00000000      0x1a5 src\GPIO.o
 .debug_abbrev  0x000001a5       0xa1 src\main.o
 .debug_abbrev  0x00000246       0x12 src\startup_stm32f40xx.o
 .debug_abbrev  0x00000258       0x78 src\stm32f4xx_it.o
 .debug_abbrev  0x000002d0      0x158 src\system_stm32f4xx.o

.debug_aranges  0x00000000      0x140
 .debug_aranges
                0x00000000       0x68 src\GPIO.o
 .debug_aranges
                0x00000068       0x20 src\main.o
 .debug_aranges
                0x00000088       0x28 src\startup_stm32f40xx.o
 .debug_aranges
                0x000000b0       0x60 src\stm32f4xx_it.o
 .debug_aranges
                0x00000110       0x30 src\system_stm32f4xx.o

.debug_ranges   0x00000000      0x128
 .debug_ranges  0x00000000       0x88 src\GPIO.o
 .debug_ranges  0x00000088       0x10 src\main.o
 .debug_ranges  0x00000098       0x20 src\startup_stm32f40xx.o
 .debug_ranges  0x000000b8       0x50 src\stm32f4xx_it.o
 .debug_ranges  0x00000108       0x20 src\system_stm32f4xx.o

.debug_line     0x00000000      0x7fb
 .debug_line    0x00000000      0x2b5 src\GPIO.o
 .debug_line    0x000002b5       0xfc src\main.o
 .debug_line    0x000003b1       0x7a src\startup_stm32f40xx.o
 .debug_line    0x0000042b      0x1ef src\stm32f4xx_it.o
 .debug_line    0x0000061a      0x1e1 src\system_stm32f4xx.o

.debug_str      0x00000000      0x74b
 .debug_str     0x00000000      0x50a src\GPIO.o
                                0x56c (size before relaxing)
 .debug_str     0x0000050a       0x24 src\main.o
                                0x24e (size before relaxing)
 .debug_str     0x0000052e       0xcd src\stm32f4xx_it.o
                                0x286 (size before relaxing)
 .debug_str     0x000005fb      0x150 src\system_stm32f4xx.o
                                0x419 (size before relaxing)

.comment        0x00000000       0x7c
 .comment       0x00000000       0x7c src\GPIO.o
                                 0x7d (size before relaxing)
 .comment       0x0000007c       0x7d src\main.o
 .comment       0x0000007c       0x7d src\stm32f4xx_it.o
 .comment       0x0000007c       0x7d src\system_stm32f4xx.o

.debug_frame    0x00000000      0x388
 .debug_frame   0x00000000      0x1a0 src\GPIO.o
 .debug_frame   0x000001a0       0x30 src\main.o
 .debug_frame   0x000001d0      0x110 src\stm32f4xx_it.o
 .debug_frame   0x000002e0       0x7c src\system_stm32f4xx.o
 .debug_frame   0x0000035c       0x2c g:/truestudio for stm32 9.3.0/armtools/bin/../lib/gcc/arm-atollic-eabi/6.3.1/../../../../arm-atollic-eabi/lib/armv7e-m/fpu\libc_nano.a(lib_a-init.o)

.stabstr        0x00000000       0x3f
 .stabstr       0x00000000       0x3f g:/truestudio for stm32 9.3.0/armtools/bin/../lib/gcc/arm-atollic-eabi/6.3.1/../../../../arm-atollic-eabi/lib/armv7e-m/fpu\libnosys.a(write.o)

Cross Reference Table

Symbol                                            File
ADC_IRQHandler                                    src\startup_stm32f40xx.o
AHBPrescTable                                     src\system_stm32f4xx.o
AHB_PreScaler                                     src\RCC_Driver.o
APB1_PreScaler                                    src\RCC_Driver.o
BusFault_Handler                                  src\stm32f4xx_it.o
                                                  src\startup_stm32f40xx.o
CAN1_RX0_IRQHandler                               src\startup_stm32f40xx.o
CAN1_RX1_IRQHandler                               src\startup_stm32f40xx.o
CAN1_SCE_IRQHandler                               src\startup_stm32f40xx.o
CAN1_TX_IRQHandler                                src\startup_stm32f40xx.o
CAN2_RX0_IRQHandler                               src\startup_stm32f40xx.o
CAN2_RX1_IRQHandler                               src\startup_stm32f40xx.o
CAN2_SCE_IRQHandler                               src\startup_stm32f40xx.o
CAN2_TX_IRQHandler                                src\startup_stm32f40xx.o
CRYP_IRQHandler                                   src\startup_stm32f40xx.o
DCMI_IRQHandler                                   src\startup_stm32f40xx.o
DMA1_Stream0_IRQHandler                           src\startup_stm32f40xx.o
DMA1_Stream1_IRQHandler                           src\startup_stm32f40xx.o
DMA1_Stream2_IRQHandler                           src\startup_stm32f40xx.o
DMA1_Stream3_IRQHandler                           src\startup_stm32f40xx.o
DMA1_Stream4_IRQHandler                           src\startup_stm32f40xx.o
DMA1_Stream5_IRQHandler                           src\startup_stm32f40xx.o
DMA1_Stream6_IRQHandler                           src\startup_stm32f40xx.o
DMA1_Stream7_IRQHandler                           src\startup_stm32f40xx.o
DMA2_Stream0_IRQHandler                           src\startup_stm32f40xx.o
DMA2_Stream1_IRQHandler                           src\startup_stm32f40xx.o
DMA2_Stream2_IRQHandler                           src\startup_stm32f40xx.o
DMA2_Stream3_IRQHandler                           src\startup_stm32f40xx.o
DMA2_Stream4_IRQHandler                           src\startup_stm32f40xx.o
DMA2_Stream5_IRQHandler                           src\startup_stm32f40xx.o
DMA2_Stream6_IRQHandler                           src\startup_stm32f40xx.o
DMA2_Stream7_IRQHandler                           src\startup_stm32f40xx.o
DebugMon_Handler                                  src\stm32f4xx_it.o
                                                  src\startup_stm32f40xx.o
Default_Handler                                   src\startup_stm32f40xx.o
ETH_IRQHandler                                    src\startup_stm32f40xx.o
ETH_WKUP_IRQHandler                               src\startup_stm32f40xx.o
EXTI0_IRQHandler                                  src\startup_stm32f40xx.o
EXTI15_10_IRQHandler                              src\startup_stm32f40xx.o
EXTI1_IRQHandler                                  src\startup_stm32f40xx.o
EXTI2_IRQHandler                                  src\startup_stm32f40xx.o
EXTI3_IRQHandler                                  src\startup_stm32f40xx.o
EXTI4_IRQHandler                                  src\startup_stm32f40xx.o
EXTI9_5_IRQHandler                                src\startup_stm32f40xx.o
FLASH_IRQHandler                                  src\startup_stm32f40xx.o
FPU_IRQHandler                                    src\startup_stm32f40xx.o
FSMC_IRQHandler                                   src\startup_stm32f40xx.o
GPIO_                                             src\GPIO.o
GPIO_Arr                                          src\GPIO.o
GPIO_IRQConfig                                    src\GPIO.o
GPIO_IRQHandling                                  src\GPIO.o
GPIO_IRQPriorityConfig                            src\GPIO.o
GPIO_Init                                         src\GPIO.o
                                                  src\main.o
GPIO_ReadInputPin                                 src\GPIO.o
GPIO_ReadInputPort                                src\GPIO.o
GPIO_WriteOutputPin                               src\GPIO.o
GPIO_WriteOutputPort                              src\GPIO.o
HASH_RNG_IRQHandler                               src\startup_stm32f40xx.o
HardFault_Handler                                 src\stm32f4xx_it.o
                                                  src\startup_stm32f40xx.o
I2C1_ER_IRQHandler                                src\startup_stm32f40xx.o
I2C1_EV_IRQHandler                                src\startup_stm32f40xx.o
I2C2_ER_IRQHandler                                src\startup_stm32f40xx.o
I2C2_EV_IRQHandler                                src\startup_stm32f40xx.o
I2C3_ER_IRQHandler                                src\startup_stm32f40xx.o
I2C3_EV_IRQHandler                                src\startup_stm32f40xx.o
MemManage_Handler                                 src\stm32f4xx_it.o
                                                  src\startup_stm32f40xx.o
NMI_Handler                                       src\stm32f4xx_it.o
                                                  src\startup_stm32f40xx.o
OTG_FS_IRQHandler                                 src\startup_stm32f40xx.o
OTG_FS_WKUP_IRQHandler                            src\startup_stm32f40xx.o
OTG_HS_EP1_IN_IRQHandler                          src\startup_stm32f40xx.o
OTG_HS_EP1_OUT_IRQHandler                         src\startup_stm32f40xx.o
OTG_HS_IRQHandler                                 src\startup_stm32f40xx.o
OTG_HS_WKUP_IRQHandler                            src\startup_stm32f40xx.o
PVD_IRQHandler                                    src\startup_stm32f40xx.o
PendSV_Handler                                    src\stm32f4xx_it.o
                                                  src\startup_stm32f40xx.o
RCC_GetPCLK1Value                                 src\RCC_Driver.o
                                                  src\UART_Driver.o
RCC_GetPCLK2Value                                 src\RCC_Driver.o
                                                  src\UART_Driver.o
RCC_GetPLLOutputClock                             src\RCC_Driver.o
RCC_IRQHandler                                    src\startup_stm32f40xx.o
RTC_Alarm_IRQHandler                              src\startup_stm32f40xx.o
RTC_WKUP_IRQHandler                               src\startup_stm32f40xx.o
Reset_Handler                                     src\startup_stm32f40xx.o
SDIO_IRQHandler                                   src\startup_stm32f40xx.o
SPI1_IRQHandler                                   src\startup_stm32f40xx.o
SPI2_IRQHandler                                   src\startup_stm32f40xx.o
SPI3_IRQHandler                                   src\startup_stm32f40xx.o
SVC_Handler                                       src\stm32f4xx_it.o
                                                  src\startup_stm32f40xx.o
SysTick_Handler                                   src\stm32f4xx_it.o
                                                  src\startup_stm32f40xx.o
SystemCoreClock                                   src\system_stm32f4xx.o
SystemCoreClockUpdate                             src\system_stm32f4xx.o
SystemInit                                        src\system_stm32f4xx.o
                                                  src\startup_stm32f40xx.o
TAMP_STAMP_IRQHandler                             src\startup_stm32f40xx.o
TIM1_BRK_TIM9_IRQHandler                          src\startup_stm32f40xx.o
TIM1_CC_IRQHandler                                src\startup_stm32f40xx.o
TIM1_TRG_COM_TIM11_IRQHandler                     src\startup_stm32f40xx.o
TIM1_UP_TIM10_IRQHandler                          src\startup_stm32f40xx.o
TIM2_IRQHandler                                   src\startup_stm32f40xx.o
TIM3_IRQHandler                                   src\startup_stm32f40xx.o
TIM4_IRQHandler                                   src\startup_stm32f40xx.o
TIM5_IRQHandler                                   src\startup_stm32f40xx.o
TIM6_DAC_IRQHandler                               src\startup_stm32f40xx.o
TIM7_IRQHandler                                   src\startup_stm32f40xx.o
TIM8_BRK_TIM12_IRQHandler                         src\startup_stm32f40xx.o
TIM8_CC_IRQHandler                                src\startup_stm32f40xx.o
TIM8_TRG_COM_TIM14_IRQHandler                     src\startup_stm32f40xx.o
TIM8_UP_TIM13_IRQHandler                          src\startup_stm32f40xx.o
UART4_IRQHandler                                  src\startup_stm32f40xx.o
UART5_IRQHandler                                  src\startup_stm32f40xx.o
UART_Arr                                          src\UART_Driver.o
USART1_IRQHandler                                 src\startup_stm32f40xx.o
USART2_IRQHandler                                 src\startup_stm32f40xx.o
USART3_IRQHandler                                 src\startup_stm32f40xx.o
USART6_IRQHandler                                 src\startup_stm32f40xx.o
USART_GetFlagStatus                               src\UART_Driver.o
USART_Init                                        src\UART_Driver.o
USART_PeripheralControl                           src\UART_Driver.o
USART_ReceiveData                                 src\UART_Driver.o
USART_ReceiveDataIT                               src\UART_Driver.o
USART_SendData                                    src\UART_Driver.o
USART_SendDataIT                                  src\UART_Driver.o
USART_SetBaudRate                                 src\UART_Driver.o
UsageFault_Handler                                src\stm32f4xx_it.o
                                                  src\startup_stm32f40xx.o
WWDG_IRQHandler                                   src\startup_stm32f40xx.o
__deregister_frame_info                           g:/truestudio for stm32 9.3.0/armtools/bin/../lib/gcc/arm-atollic-eabi/6.3.1/armv7e-m/fpu/crtbegin.o
__dso_handle                                      g:/truestudio for stm32 9.3.0/armtools/bin/../lib/gcc/arm-atollic-eabi/6.3.1/armv7e-m/fpu/crtbegin.o
__init_array_end                                  g:/truestudio for stm32 9.3.0/armtools/bin/../lib/gcc/arm-atollic-eabi/6.3.1/../../../../arm-atollic-eabi/lib/armv7e-m/fpu\libc_nano.a(lib_a-init.o)
__init_array_start                                g:/truestudio for stm32 9.3.0/armtools/bin/../lib/gcc/arm-atollic-eabi/6.3.1/../../../../arm-atollic-eabi/lib/armv7e-m/fpu\libc_nano.a(lib_a-init.o)
__libc_init_array                                 g:/truestudio for stm32 9.3.0/armtools/bin/../lib/gcc/arm-atollic-eabi/6.3.1/../../../../arm-atollic-eabi/lib/armv7e-m/fpu\libc_nano.a(lib_a-init.o)
                                                  src\startup_stm32f40xx.o
__preinit_array_end                               g:/truestudio for stm32 9.3.0/armtools/bin/../lib/gcc/arm-atollic-eabi/6.3.1/../../../../arm-atollic-eabi/lib/armv7e-m/fpu\libc_nano.a(lib_a-init.o)
__preinit_array_start                             g:/truestudio for stm32 9.3.0/armtools/bin/../lib/gcc/arm-atollic-eabi/6.3.1/../../../../arm-atollic-eabi/lib/armv7e-m/fpu\libc_nano.a(lib_a-init.o)
__register_frame_info                             g:/truestudio for stm32 9.3.0/armtools/bin/../lib/gcc/arm-atollic-eabi/6.3.1/armv7e-m/fpu/crtbegin.o
_ebss                                             src\startup_stm32f40xx.o
_edata                                            src\startup_stm32f40xx.o
_estack                                           src\startup_stm32f40xx.o
_fini                                             g:/truestudio for stm32 9.3.0/armtools/bin/../lib/gcc/arm-atollic-eabi/6.3.1/armv7e-m/fpu/crti.o
_init                                             g:/truestudio for stm32 9.3.0/armtools/bin/../lib/gcc/arm-atollic-eabi/6.3.1/armv7e-m/fpu/crti.o
                                                  g:/truestudio for stm32 9.3.0/armtools/bin/../lib/gcc/arm-atollic-eabi/6.3.1/../../../../arm-atollic-eabi/lib/armv7e-m/fpu\libc_nano.a(lib_a-init.o)
_sbss                                             src\startup_stm32f40xx.o
_sdata                                            src\startup_stm32f40xx.o
_sidata                                           src\startup_stm32f40xx.o
_write                                            g:/truestudio for stm32 9.3.0/armtools/bin/../lib/gcc/arm-atollic-eabi/6.3.1/../../../../arm-atollic-eabi/lib/armv7e-m/fpu\libnosys.a(write.o)
                                                  src\tiny_printf.o
errno                                             g:/truestudio for stm32 9.3.0/armtools/bin/../lib/gcc/arm-atollic-eabi/6.3.1/../../../../arm-atollic-eabi/lib/armv7e-m/fpu\libnosys.a(errno.o)
                                                  g:/truestudio for stm32 9.3.0/armtools/bin/../lib/gcc/arm-atollic-eabi/6.3.1/../../../../arm-atollic-eabi/lib/armv7e-m/fpu\libnosys.a(write.o)
fiprintf                                          src\tiny_printf.o
fprintf                                           src\tiny_printf.o
fputs                                             src\tiny_printf.o
fwrite                                            src\tiny_printf.o
g_pfnVectors                                      src\startup_stm32f40xx.o
iprintf                                           src\tiny_printf.o
main                                              src\main.o
                                                  src\startup_stm32f40xx.o
printf                                            src\tiny_printf.o
puts                                              src\tiny_printf.o
siprintf                                          src\tiny_printf.o
sprintf                                           src\tiny_printf.o
strlen                                            g:/truestudio for stm32 9.3.0/armtools/bin/../lib/gcc/arm-atollic-eabi/6.3.1/../../../../arm-atollic-eabi/lib/armv7e-m/fpu\libc_nano.a(lib_a-strlen.o)
                                                  src\tiny_printf.o
ts_formatlength                                   src\tiny_printf.o
ts_formatstring                                   src\tiny_printf.o
ts_itoa                                           src\tiny_printf.o
